// Jest Snapshot v1, https://goo.gl/fbAQLP

exports[`Footer component Should render appropriately with footerType 1`] = `
<div>
  <footer
    class="font-weight-light text-center py-5 bg-white text-muted"
  >
    Â© Copyright 2020 GarageScript
    <br />
    All Rights Reserved
  </footer>
</div>
`;
