// Jest Snapshot v1, https://goo.gl/fbAQLP

exports[`Copy Button component Should render correctly 1`] = `
<div>
  <button
    class="btn borderless btn-outline-mute onFocusBgFix btn-outline-bg-mute"
  >
    <svg
      aria-hidden="true"
      class="octicon octicon-copy"
      fill="currentColor"
      height="16"
      role="img"
      style="display: inline-block; user-select: none; vertical-align: text-bottom; overflow: visible;"
      viewBox="0 0 16 16"
      width="16"
    >
      <path
        d="M0 6.75C0 5.784.784 5 1.75 5h1.5a.75.75 0 010 1.5h-1.5a.25.25 0 00-.25.25v7.5c0 .138.112.25.25.25h7.5a.25.25 0 00.25-.25v-1.5a.75.75 0 011.5 0v1.5A1.75 1.75 0 019.25 16h-7.5A1.75 1.75 0 010 14.25v-7.5z"
        fill-rule="evenodd"
      />
      <path
        d="M5 1.75C5 .784 5.784 0 6.75 0h7.5C15.216 0 16 .784 16 1.75v7.5A1.75 1.75 0 0114.25 11h-7.5A1.75 1.75 0 015 9.25v-7.5zm1.75-.25a.25.25 0 00-.25.25v7.5c0 .138.112.25.25.25h7.5a.25.25 0 00.25-.25v-7.5a.25.25 0 00-.25-.25h-7.5z"
        fill-rule="evenodd"
      />
    </svg>
  </button>
</div>
`;
