// Jest Snapshot v1, https://goo.gl/fbAQLP

exports[`MdInput Component Should display markdown preview text when switch to Preview mode with input 1`] = `
<div>
  <div>
    <div
      class="nav nav-tabs"
    >
      <div
        class="nav-item"
      >
        <a
          class="nav-link"
          data-rb-event-key="Write"
          href="#"
          role="button"
          style="color: rgb(142, 142, 142);"
        >
          Write
        </a>
      </div>
      <div
        class="nav-item"
      >
        <a
          class="nav-link active"
          data-rb-event-key="Preview"
          href="#"
          role="button"
          style="color: rgb(41, 41, 41);"
        >
          Preview
        </a>
      </div>
    </div>
    <span
      class="preview"
      data-testid="markdown"
    >
      Some 
      <strong>
        Text
      </strong>
    </span>
    <hr />
    <textarea
      class="textarea d-none"
      data-testid="textbox"
      placeholder="Type something..."
      style="height: 2px;"
    >
      Some **Text**
    </textarea>
  </div>
</div>
`;

exports[`MdInput Component Should render text onto textbox when user types 1`] = `
<div>
  <div>
    <div
      class="nav nav-tabs"
    >
      <div
        class="nav-item"
      >
        <a
          class="nav-link active"
          data-rb-event-key="Write"
          href="#"
          role="button"
          style="color: rgb(41, 41, 41);"
        >
          Write
        </a>
      </div>
      <div
        class="nav-item"
      >
        <a
          class="nav-link"
          data-rb-event-key="Preview"
          href="#"
          role="button"
          style="color: rgb(142, 142, 142);"
        >
          Preview
        </a>
      </div>
      <div
        class="ml-auto btn-toolbar"
        role="toolbar"
      >
        <button
          aria-label="Add header text"
          class="btn"
        >
          <svg
            aria-hidden="true"
            class="octicon octicon-heading"
            fill="currentColor"
            height="16"
            role="img"
            style="display: inline-block; user-select: none; vertical-align: text-bottom; overflow: visible;"
            viewBox="0 0 16 16"
            width="16"
          >
            <path
              d="M3.75 2a.75.75 0 01.75.75V7h7V2.75a.75.75 0 011.5 0v10.5a.75.75 0 01-1.5 0V8.5h-7v4.75a.75.75 0 01-1.5 0V2.75A.75.75 0 013.75 2z"
              fill-rule="evenodd"
            />
          </svg>
        </button>
        <button
          aria-label="Add bold text <ctrl+b>"
          class="btn"
        >
          <svg
            aria-hidden="true"
            class="octicon octicon-bold"
            fill="currentColor"
            height="16"
            role="img"
            style="display: inline-block; user-select: none; vertical-align: text-bottom; overflow: visible;"
            viewBox="0 0 16 16"
            width="16"
          >
            <path
              d="M4 2a1 1 0 00-1 1v10a1 1 0 001 1h5.5a3.5 3.5 0 001.852-6.47A3.5 3.5 0 008.5 2H4zm4.5 5a1.5 1.5 0 100-3H5v3h3.5zM5 9v3h4.5a1.5 1.5 0 000-3H5z"
              fill-rule="evenodd"
            />
          </svg>
        </button>
        <button
          aria-label="Add italic text <ctrl+i>"
          class="btn"
        >
          <svg
            aria-hidden="true"
            class="octicon octicon-italic"
            fill="currentColor"
            height="16"
            role="img"
            style="display: inline-block; user-select: none; vertical-align: text-bottom; overflow: visible;"
            viewBox="0 0 16 16"
            width="16"
          >
            <path
              d="M6 2.75A.75.75 0 016.75 2h6.5a.75.75 0 010 1.5h-2.505l-3.858 9H9.25a.75.75 0 010 1.5h-6.5a.75.75 0 010-1.5h2.505l3.858-9H6.75A.75.75 0 016 2.75z"
              fill-rule="evenodd"
            />
          </svg>
        </button>
        <button
          aria-label="Insert a quote <ctrl+shift+.>"
          class="btn"
        >
          <svg
            aria-hidden="true"
            class="octicon octicon-quote"
            fill="currentColor"
            height="16"
            role="img"
            style="display: inline-block; user-select: none; vertical-align: text-bottom; overflow: visible;"
            viewBox="0 0 16 16"
            width="16"
          >
            <path
              d="M1.75 2.5a.75.75 0 000 1.5h10.5a.75.75 0 000-1.5H1.75zm4 5a.75.75 0 000 1.5h8.5a.75.75 0 000-1.5h-8.5zm0 5a.75.75 0 000 1.5h8.5a.75.75 0 000-1.5h-8.5zM2.5 7.75a.75.75 0 00-1.5 0v6a.75.75 0 001.5 0v-6z"
              fill-rule="evenodd"
            />
          </svg>
        </button>
        <button
          aria-label="Insert code <ctrl+e>"
          class="btn"
        >
          <svg
            aria-hidden="true"
            class="octicon octicon-code"
            fill="currentColor"
            height="16"
            role="img"
            style="display: inline-block; user-select: none; vertical-align: text-bottom; overflow: visible;"
            viewBox="0 0 16 16"
            width="16"
          >
            <path
              d="M4.72 3.22a.75.75 0 011.06 1.06L2.06 8l3.72 3.72a.75.75 0 11-1.06 1.06L.47 8.53a.75.75 0 010-1.06l4.25-4.25zm6.56 0a.75.75 0 10-1.06 1.06L13.94 8l-3.72 3.72a.75.75 0 101.06 1.06l4.25-4.25a.75.75 0 000-1.06l-4.25-4.25z"
              fill-rule="evenodd"
            />
          </svg>
        </button>
        <button
          aria-label="Add a link <ctrl+k>"
          class="btn"
        >
          <svg
            aria-hidden="true"
            class="octicon octicon-link"
            fill="currentColor"
            height="16"
            role="img"
            style="display: inline-block; user-select: none; vertical-align: text-bottom; overflow: visible;"
            viewBox="0 0 16 16"
            width="16"
          >
            <path
              d="M7.775 3.275a.75.75 0 001.06 1.06l1.25-1.25a2 2 0 112.83 2.83l-2.5 2.5a2 2 0 01-2.83 0 .75.75 0 00-1.06 1.06 3.5 3.5 0 004.95 0l2.5-2.5a3.5 3.5 0 00-4.95-4.95l-1.25 1.25zm-4.69 9.64a2 2 0 010-2.83l2.5-2.5a2 2 0 012.83 0 .75.75 0 001.06-1.06 3.5 3.5 0 00-4.95 0l-2.5 2.5a3.5 3.5 0 004.95 4.95l1.25-1.25a.75.75 0 00-1.06-1.06l-1.25 1.25a2 2 0 01-2.83 0z"
              fill-rule="evenodd"
            />
          </svg>
        </button>
        <button
          aria-label="Add a bulleted list <ctrl+shift+8>"
          class="btn"
        >
          <svg
            aria-hidden="true"
            class="octicon octicon-list-unordered"
            fill="currentColor"
            height="16"
            role="img"
            style="display: inline-block; user-select: none; vertical-align: text-bottom; overflow: visible;"
            viewBox="0 0 16 16"
            width="16"
          >
            <path
              d="M2 4a1 1 0 100-2 1 1 0 000 2zm3.75-1.5a.75.75 0 000 1.5h8.5a.75.75 0 000-1.5h-8.5zm0 5a.75.75 0 000 1.5h8.5a.75.75 0 000-1.5h-8.5zm0 5a.75.75 0 000 1.5h8.5a.75.75 0 000-1.5h-8.5zM3 8a1 1 0 11-2 0 1 1 0 012 0zm-1 6a1 1 0 100-2 1 1 0 000 2z"
              fill-rule="evenodd"
            />
          </svg>
        </button>
        <button
          aria-label="Add a numbered list <ctrl+shift+7>"
          class="btn"
        >
          <svg
            aria-hidden="true"
            class="octicon octicon-list-ordered"
            fill="currentColor"
            height="16"
            role="img"
            style="display: inline-block; user-select: none; vertical-align: text-bottom; overflow: visible;"
            viewBox="0 0 16 16"
            width="16"
          >
            <path
              d="M2.003 2.5a.5.5 0 00-.723-.447l-1.003.5a.5.5 0 00.446.895l.28-.14V6H.5a.5.5 0 000 1h2.006a.5.5 0 100-1h-.503V2.5zM5 3.25a.75.75 0 01.75-.75h8.5a.75.75 0 010 1.5h-8.5A.75.75 0 015 3.25zm0 5a.75.75 0 01.75-.75h8.5a.75.75 0 010 1.5h-8.5A.75.75 0 015 8.25zm0 5a.75.75 0 01.75-.75h8.5a.75.75 0 010 1.5h-8.5a.75.75 0 01-.75-.75zM.924 10.32l.003-.004a.851.851 0 01.144-.153A.66.66 0 011.5 10c.195 0 .306.068.374.146a.57.57 0 01.128.376c0 .453-.269.682-.8 1.078l-.035.025C.692 11.98 0 12.495 0 13.5a.5.5 0 00.5.5h2.003a.5.5 0 000-1H1.146c.132-.197.351-.372.654-.597l.047-.035c.47-.35 1.156-.858 1.156-1.845 0-.365-.118-.744-.377-1.038-.268-.303-.658-.484-1.126-.484-.48 0-.84.202-1.068.392a1.858 1.858 0 00-.348.384l-.007.011-.002.004-.001.002-.001.001a.5.5 0 00.851.525zM.5 10.055l-.427-.26.427.26z"
              fill-rule="evenodd"
            />
          </svg>
        </button>
      </div>
    </div>
    <textarea
      class="textarea"
      data-testid="textbox"
      placeholder="Type something..."
      style="height: 2px;"
    >
      Javascript
    </textarea>
  </div>
</div>
`;

exports[`MdInput Component Should switch to Write mode when user clicks Write button 1`] = `
<div>
  <div>
    <div
      class="nav nav-tabs"
    >
      <div
        class="nav-item"
      >
        <a
          class="nav-link active"
          data-rb-event-key="Write"
          href="#"
          role="button"
          style="color: rgb(41, 41, 41);"
        >
          Write
        </a>
      </div>
      <div
        class="nav-item"
      >
        <a
          class="nav-link"
          data-rb-event-key="Preview"
          href="#"
          role="button"
          style="color: rgb(142, 142, 142);"
        >
          Preview
        </a>
      </div>
      <div
        class="ml-auto btn-toolbar"
        role="toolbar"
      >
        <button
          aria-label="Add header text"
          class="btn"
        >
          <svg
            aria-hidden="true"
            class="octicon octicon-heading"
            fill="currentColor"
            height="16"
            role="img"
            style="display: inline-block; user-select: none; vertical-align: text-bottom; overflow: visible;"
            viewBox="0 0 16 16"
            width="16"
          >
            <path
              d="M3.75 2a.75.75 0 01.75.75V7h7V2.75a.75.75 0 011.5 0v10.5a.75.75 0 01-1.5 0V8.5h-7v4.75a.75.75 0 01-1.5 0V2.75A.75.75 0 013.75 2z"
              fill-rule="evenodd"
            />
          </svg>
        </button>
        <button
          aria-label="Add bold text <ctrl+b>"
          class="btn"
        >
          <svg
            aria-hidden="true"
            class="octicon octicon-bold"
            fill="currentColor"
            height="16"
            role="img"
            style="display: inline-block; user-select: none; vertical-align: text-bottom; overflow: visible;"
            viewBox="0 0 16 16"
            width="16"
          >
            <path
              d="M4 2a1 1 0 00-1 1v10a1 1 0 001 1h5.5a3.5 3.5 0 001.852-6.47A3.5 3.5 0 008.5 2H4zm4.5 5a1.5 1.5 0 100-3H5v3h3.5zM5 9v3h4.5a1.5 1.5 0 000-3H5z"
              fill-rule="evenodd"
            />
          </svg>
        </button>
        <button
          aria-label="Add italic text <ctrl+i>"
          class="btn"
        >
          <svg
            aria-hidden="true"
            class="octicon octicon-italic"
            fill="currentColor"
            height="16"
            role="img"
            style="display: inline-block; user-select: none; vertical-align: text-bottom; overflow: visible;"
            viewBox="0 0 16 16"
            width="16"
          >
            <path
              d="M6 2.75A.75.75 0 016.75 2h6.5a.75.75 0 010 1.5h-2.505l-3.858 9H9.25a.75.75 0 010 1.5h-6.5a.75.75 0 010-1.5h2.505l3.858-9H6.75A.75.75 0 016 2.75z"
              fill-rule="evenodd"
            />
          </svg>
        </button>
        <button
          aria-label="Insert a quote <ctrl+shift+.>"
          class="btn"
        >
          <svg
            aria-hidden="true"
            class="octicon octicon-quote"
            fill="currentColor"
            height="16"
            role="img"
            style="display: inline-block; user-select: none; vertical-align: text-bottom; overflow: visible;"
            viewBox="0 0 16 16"
            width="16"
          >
            <path
              d="M1.75 2.5a.75.75 0 000 1.5h10.5a.75.75 0 000-1.5H1.75zm4 5a.75.75 0 000 1.5h8.5a.75.75 0 000-1.5h-8.5zm0 5a.75.75 0 000 1.5h8.5a.75.75 0 000-1.5h-8.5zM2.5 7.75a.75.75 0 00-1.5 0v6a.75.75 0 001.5 0v-6z"
              fill-rule="evenodd"
            />
          </svg>
        </button>
        <button
          aria-label="Insert code <ctrl+e>"
          class="btn"
        >
          <svg
            aria-hidden="true"
            class="octicon octicon-code"
            fill="currentColor"
            height="16"
            role="img"
            style="display: inline-block; user-select: none; vertical-align: text-bottom; overflow: visible;"
            viewBox="0 0 16 16"
            width="16"
          >
            <path
              d="M4.72 3.22a.75.75 0 011.06 1.06L2.06 8l3.72 3.72a.75.75 0 11-1.06 1.06L.47 8.53a.75.75 0 010-1.06l4.25-4.25zm6.56 0a.75.75 0 10-1.06 1.06L13.94 8l-3.72 3.72a.75.75 0 101.06 1.06l4.25-4.25a.75.75 0 000-1.06l-4.25-4.25z"
              fill-rule="evenodd"
            />
          </svg>
        </button>
        <button
          aria-label="Add a link <ctrl+k>"
          class="btn"
        >
          <svg
            aria-hidden="true"
            class="octicon octicon-link"
            fill="currentColor"
            height="16"
            role="img"
            style="display: inline-block; user-select: none; vertical-align: text-bottom; overflow: visible;"
            viewBox="0 0 16 16"
            width="16"
          >
            <path
              d="M7.775 3.275a.75.75 0 001.06 1.06l1.25-1.25a2 2 0 112.83 2.83l-2.5 2.5a2 2 0 01-2.83 0 .75.75 0 00-1.06 1.06 3.5 3.5 0 004.95 0l2.5-2.5a3.5 3.5 0 00-4.95-4.95l-1.25 1.25zm-4.69 9.64a2 2 0 010-2.83l2.5-2.5a2 2 0 012.83 0 .75.75 0 001.06-1.06 3.5 3.5 0 00-4.95 0l-2.5 2.5a3.5 3.5 0 004.95 4.95l1.25-1.25a.75.75 0 00-1.06-1.06l-1.25 1.25a2 2 0 01-2.83 0z"
              fill-rule="evenodd"
            />
          </svg>
        </button>
        <button
          aria-label="Add a bulleted list <ctrl+shift+8>"
          class="btn"
        >
          <svg
            aria-hidden="true"
            class="octicon octicon-list-unordered"
            fill="currentColor"
            height="16"
            role="img"
            style="display: inline-block; user-select: none; vertical-align: text-bottom; overflow: visible;"
            viewBox="0 0 16 16"
            width="16"
          >
            <path
              d="M2 4a1 1 0 100-2 1 1 0 000 2zm3.75-1.5a.75.75 0 000 1.5h8.5a.75.75 0 000-1.5h-8.5zm0 5a.75.75 0 000 1.5h8.5a.75.75 0 000-1.5h-8.5zm0 5a.75.75 0 000 1.5h8.5a.75.75 0 000-1.5h-8.5zM3 8a1 1 0 11-2 0 1 1 0 012 0zm-1 6a1 1 0 100-2 1 1 0 000 2z"
              fill-rule="evenodd"
            />
          </svg>
        </button>
        <button
          aria-label="Add a numbered list <ctrl+shift+7>"
          class="btn"
        >
          <svg
            aria-hidden="true"
            class="octicon octicon-list-ordered"
            fill="currentColor"
            height="16"
            role="img"
            style="display: inline-block; user-select: none; vertical-align: text-bottom; overflow: visible;"
            viewBox="0 0 16 16"
            width="16"
          >
            <path
              d="M2.003 2.5a.5.5 0 00-.723-.447l-1.003.5a.5.5 0 00.446.895l.28-.14V6H.5a.5.5 0 000 1h2.006a.5.5 0 100-1h-.503V2.5zM5 3.25a.75.75 0 01.75-.75h8.5a.75.75 0 010 1.5h-8.5A.75.75 0 015 3.25zm0 5a.75.75 0 01.75-.75h8.5a.75.75 0 010 1.5h-8.5A.75.75 0 015 8.25zm0 5a.75.75 0 01.75-.75h8.5a.75.75 0 010 1.5h-8.5a.75.75 0 01-.75-.75zM.924 10.32l.003-.004a.851.851 0 01.144-.153A.66.66 0 011.5 10c.195 0 .306.068.374.146a.57.57 0 01.128.376c0 .453-.269.682-.8 1.078l-.035.025C.692 11.98 0 12.495 0 13.5a.5.5 0 00.5.5h2.003a.5.5 0 000-1H1.146c.132-.197.351-.372.654-.597l.047-.035c.47-.35 1.156-.858 1.156-1.845 0-.365-.118-.744-.377-1.038-.268-.303-.658-.484-1.126-.484-.48 0-.84.202-1.068.392a1.858 1.858 0 00-.348.384l-.007.011-.002.004-.001.002-.001.001a.5.5 0 00.851.525zM.5 10.055l-.427-.26.427.26z"
              fill-rule="evenodd"
            />
          </svg>
        </button>
      </div>
    </div>
    <textarea
      class="textarea"
      data-testid="textbox"
      placeholder="Type something..."
      style="height: 2px;"
    />
  </div>
</div>
`;
