// Jest Snapshot v1, https://goo.gl/fbAQLP

exports[`Curriculum challenge page Should render appropriately when no challenges are passed to component 1`] = `
<div>
  <h1>
    No Challenges for this lesson
  </h1>
</div>
`;

exports[`Curriculum challenge page Should render first challenge by default when user has no submissions 1`] = `
<div>
  <div
    class="row challenge-display mt-3"
  >
    <div
      class="challenge-display_challenges col-md-4"
    >
      <div
        class="card mb-2 challenge-title-card challenge-title-card--active shadow-sm border-0"
        data-testid="challenge-title"
      >
        <div
          class="card-body d-flex justify-content-between"
        >
          <div>
            0. Greater than 5
          </div>
        </div>
      </div>
      <div
        class="card mb-2 challenge-title-card shadow-sm border-0"
        data-testid="challenge-title"
      >
        <div
          class="card-body d-flex justify-content-between"
        >
          <div>
            1. Sum of 2 Numbers
          </div>
        </div>
      </div>
    </div>
    <div
      class="col-md-8"
    >
      <div
        class="card shadow-sm border-0"
      >
        <div
          class="card-body challenge-question"
        >
          <h1
            class="card-title"
            data-testid="challenge-question-title"
          >
            Greater than 5
          </h1>
          <div
            class="pt-3 pb-3 mt-3"
            data-testid="challenge-question-description"
          >
            <span>
              Write a function that takes in a number and returns true if that number is greater than 5. Otherwise, return false.
            </span>
          </div>
        </div>
      </div>
    </div>
  </div>
</div>
`;

exports[`Curriculum challenge page Should render first challenge that is not passed when user has submissions 1`] = `
<div>
  <div
    class="row challenge-display mt-3"
  >
    <div
      class="challenge-display_challenges col-md-4"
    >
      <div
        class="card mb-2 challenge-title-card challenge-title-card--active shadow-sm border-0"
        data-testid="challenge-title"
      >
        <div
          class="card-body d-flex justify-content-between"
        >
          <div>
            0. Greater than 5
          </div>
          <img
            height="25px"
            src="/assets/curriculum/icons/pending.svg"
            width="25px"
          />
        </div>
      </div>
      <div
        class="card mb-2 challenge-title-card shadow-sm border-0"
        data-testid="challenge-title"
      >
        <div
          class="card-body d-flex justify-content-between"
        >
          <div>
            1. Sum of 2 Numbers
          </div>
          <img
            height="25px"
            src="/assets/curriculum/icons/rejected.svg"
            width="25px"
          />
        </div>
      </div>
    </div>
    <div
      class="col-md-8"
    >
      <div
        class="card shadow-sm border-0"
      >
        <div
          class="card-body challenge-question"
        >
          <h1
            class="card-title"
            data-testid="challenge-question-title"
          >
            Greater than 5
          </h1>
          <div
            class="pt-3 pb-3 mt-3"
            data-testid="challenge-question-description"
          >
            <span>
              Write a function that takes in a number and returns true if that number is greater than 5. Otherwise, return false.
            </span>
          </div>
        </div>
      </div>
      <div
        class="card shadow-sm border-0 mt-3"
      >
        <div
          class="card-header bg-white"
          title="Tuesday, April 14, 2020 11:43 PM"
        >
          Submitted 
          in 19 years
        </div>
        <div
          class="text-start ms-2"
        >
          <div
            class="selection__card"
          >
            <p
              class="selection__title text-muted mx-2"
            >
              Loading previous submissions...
            </p>
            <button
              class="button loading btn btn-light"
              type="button"
            />
          </div>
        </div>
        <div
          class="card-body"
        >
          <div
            class="rounded-3 overflow-hidden"
          >
            <div
              class="position-relative"
            >
              <div
                class="diffView"
              >
                <table
                  class="css-1p5fn6o-diff-container"
                >
                  <tbody>
                    <tr
                      class="css-bta2w1-title-block"
                    >
                      <td
                        class="css-1kdwiw5-right-title-box"
                        colspan="4"
                      >
                        <span
                          class="css-7051u0-right-title"
                        >
                          curriculum/js0/2.js
                        </span>
                      </td>
                      <td
                        class="css-1fmwvez-toolbar"
                      >
                        <div
                          class="checkBoxBorder form-check pe-2 me-2 border rounded"
                        >
                          <input
                            class="form-check-input"
                            id="checkBox-3502-0"
                            type="checkbox"
                            value=""
                          />
                          <label
                            class="form-check-label text-muted"
                            for="checkBox-3502-0"
                          >
                            Viewed
                          </label>
                        </div>
                        <button
                          class="btn borderless btn-outline-mute onFocusBgFix btnOutlineInfoBgFix-mute btn-outline-bg-mute"
                        >
                          <svg
                            aria-hidden="true"
                            class="octicon octicon-copy"
                            fill="currentColor"
                            focusable="false"
                            height="16"
                            role="img"
                            style="display: inline-block; user-select: none; vertical-align: text-bottom; overflow: visible;"
                            viewBox="0 0 16 16"
                            width="16"
                          >
                            <path
                              d="M0 6.75C0 5.784.784 5 1.75 5h1.5a.75.75 0 0 1 0 1.5h-1.5a.25.25 0 0 0-.25.25v7.5c0 .138.112.25.25.25h7.5a.25.25 0 0 0 .25-.25v-1.5a.75.75 0 0 1 1.5 0v1.5A1.75 1.75 0 0 1 9.25 16h-7.5A1.75 1.75 0 0 1 0 14.25Z"
                            />
                            <path
                              d="M5 1.75C5 .784 5.784 0 6.75 0h7.5C15.216 0 16 .784 16 1.75v7.5A1.75 1.75 0 0 1 14.25 11h-7.5A1.75 1.75 0 0 1 5 9.25Zm1.75-.25a.25.25 0 0 0-.25.25v7.5c0 .138.112.25.25.25h7.5a.25.25 0 0 0 .25-.25v-7.5a.25.25 0 0 0-.25-.25Z"
                            />
                          </svg>
                        </button>
                      </td>
                    </tr>
                    <tr
                      class="css-1n7ec1i-line"
                    >
                      <td
                        class="css-1k5tuhz-gutter css-9w79dj-empty-gutter css-cnnxkz-diff-added"
                      >
                        <pre
                          class="css-iepx6s-line-number"
                        />
                      </td>
                      <td
                        class="css-1k5tuhz-gutter css-cnnxkz-diff-added"
                      >
                        <pre
                          class="css-iepx6s-line-number"
                        >
                          1
                        </pre>
                      </td>
                      <td
                        class="css-17vezug-marker css-cnnxkz-diff-added"
                      >
                        <pre>
                          +
                        </pre>
                      </td>
                      <td
                        class="css-vl0irh-content css-cnnxkz-diff-added"
                      >
                        <pre
                          class="css-pa3tg-content-text"
                        >
                          <span>
                             
                            <span
                              class="token operator"
                            >
                              *
                            </span>
                            <span
                              class="token operator"
                            >
                              /
                            </span>
                          </span>
                        </pre>
                      </td>
                    </tr>
                    <tr
                      class="css-1n7ec1i-line"
                    >
                      <td
                        class="css-1k5tuhz-gutter css-9w79dj-empty-gutter css-cnnxkz-diff-added"
                      >
                        <pre
                          class="css-iepx6s-line-number"
                        />
                      </td>
                      <td
                        class="css-1k5tuhz-gutter css-cnnxkz-diff-added"
                      >
                        <pre
                          class="css-iepx6s-line-number"
                        >
                          2
                        </pre>
                      </td>
                      <td
                        class="css-17vezug-marker css-cnnxkz-diff-added"
                      >
                        <pre>
                          +
                        </pre>
                      </td>
                      <td
                        class="css-vl0irh-content css-cnnxkz-diff-added"
                      >
                        <pre
                          class="css-pa3tg-content-text"
                        >
                          <span />
                        </pre>
                      </td>
                    </tr>
                    <tr
                      class="css-1n7ec1i-line"
                    >
                      <td
                        class="css-1k5tuhz-gutter css-9w79dj-empty-gutter css-cnnxkz-diff-added"
                      >
                        <pre
                          class="css-iepx6s-line-number"
                        />
                      </td>
                      <td
                        class="css-1k5tuhz-gutter css-cnnxkz-diff-added"
                      >
                        <pre
                          class="css-iepx6s-line-number"
                        >
                          3
                        </pre>
                      </td>
                      <td
                        class="css-17vezug-marker css-cnnxkz-diff-added"
                      >
                        <pre>
                          +
                        </pre>
                      </td>
                      <td
                        class="css-vl0irh-content css-cnnxkz-diff-added"
                      >
                        <pre
                          class="css-pa3tg-content-text"
                        >
                          <span>
                            <span
                              class="token keyword"
                            >
                              const
                            </span>
                             
                            <span
                              class="token function-variable function"
                            >
                              solution
                            </span>
                             
                            <span
                              class="token operator"
                            >
                              =
                            </span>
                             
                            <span
                              class="token punctuation"
                            >
                              (
                            </span>
                            <span
                              class="token parameter"
                            >
                              a
                              <span
                                class="token punctuation"
                              >
                                ,
                              </span>
                               b
                              <span
                                class="token punctuation"
                              >
                                ,
                              </span>
                               c
                            </span>
                            <span
                              class="token punctuation"
                            >
                              )
                            </span>
                             
                            <span
                              class="token operator"
                            >
                              =&gt;
                            </span>
                             
                            <span
                              class="token punctuation"
                            >
                              {
                            </span>
                          </span>
                        </pre>
                      </td>
                    </tr>
                    <tr
                      class="css-1n7ec1i-line"
                    >
                      <td
                        class="css-1k5tuhz-gutter css-9w79dj-empty-gutter css-cnnxkz-diff-added"
                      >
                        <pre
                          class="css-iepx6s-line-number"
                        />
                      </td>
                      <td
                        class="css-1k5tuhz-gutter css-cnnxkz-diff-added"
                      >
                        <pre
                          class="css-iepx6s-line-number"
                        >
                          4
                        </pre>
                      </td>
                      <td
                        class="css-17vezug-marker css-cnnxkz-diff-added"
                      >
                        <pre>
                          +
                        </pre>
                      </td>
                      <td
                        class="css-vl0irh-content css-cnnxkz-diff-added"
                      >
                        <pre
                          class="css-pa3tg-content-text"
                        >
                          <span>
                              
                            <span
                              class="token keyword"
                            >
                              return
                            </span>
                             a 
                            <span
                              class="token operator"
                            >
                              +
                            </span>
                             b 
                            <span
                              class="token operator"
                            >
                              +
                            </span>
                             c
                            <span
                              class="token punctuation"
                            >
                              ;
                            </span>
                          </span>
                        </pre>
                      </td>
                    </tr>
                    <tr
                      class="css-1n7ec1i-line"
                    >
                      <td
                        class="css-1k5tuhz-gutter css-9w79dj-empty-gutter css-cnnxkz-diff-added"
                      >
                        <pre
                          class="css-iepx6s-line-number"
                        />
                      </td>
                      <td
                        class="css-1k5tuhz-gutter css-cnnxkz-diff-added"
                      >
                        <pre
                          class="css-iepx6s-line-number"
                        >
                          5
                        </pre>
                      </td>
                      <td
                        class="css-17vezug-marker css-cnnxkz-diff-added"
                      >
                        <pre>
                          +
                        </pre>
                      </td>
                      <td
                        class="css-vl0irh-content css-cnnxkz-diff-added"
                      >
                        <pre
                          class="css-pa3tg-content-text"
                        >
                          <span>
                            <span
                              class="token punctuation"
                            >
                              }
                            </span>
                            <span
                              class="token punctuation"
                            >
                              ;
                            </span>
                          </span>
                        </pre>
                      </td>
                    </tr>
                    <tr
                      class="css-1n7ec1i-line"
                    >
                      <td
                        class="css-1k5tuhz-gutter css-9w79dj-empty-gutter css-cnnxkz-diff-added"
                      >
                        <pre
                          class="css-iepx6s-line-number"
                        />
                      </td>
                      <td
                        class="css-1k5tuhz-gutter css-cnnxkz-diff-added"
                      >
                        <pre
                          class="css-iepx6s-line-number"
                        >
                          6
                        </pre>
                      </td>
                      <td
                        class="css-17vezug-marker css-cnnxkz-diff-added"
                      >
                        <pre>
                          +
                        </pre>
                      </td>
                      <td
                        class="css-vl0irh-content css-cnnxkz-diff-added"
                      >
                        <pre
                          class="css-pa3tg-content-text"
                        >
                          <span />
                        </pre>
                      </td>
                    </tr>
                    <tr
                      class="css-1n7ec1i-line"
                    >
                      <td
                        class="css-1k5tuhz-gutter css-9w79dj-empty-gutter css-cnnxkz-diff-added"
                      >
                        <pre
                          class="css-iepx6s-line-number"
                        />
                      </td>
                      <td
                        class="css-1k5tuhz-gutter css-cnnxkz-diff-added"
                      >
                        <pre
                          class="css-iepx6s-line-number"
                        >
                          7
                        </pre>
                      </td>
                      <td
                        class="css-17vezug-marker css-cnnxkz-diff-added"
                      >
                        <pre>
                          +
                        </pre>
                      </td>
                      <td
                        class="css-vl0irh-content css-cnnxkz-diff-added"
                      >
                        <pre
                          class="css-pa3tg-content-text"
                        >
                          <span>
                            module
                            <span
                              class="token punctuation"
                            >
                              .
                            </span>
                            exports 
                            <span
                              class="token operator"
                            >
                              =
                            </span>
                             
                            <span
                              class="token punctuation"
                            >
                              {
                            </span>
                          </span>
                        </pre>
                      </td>
                    </tr>
                  </tbody>
                </table>
              </div>
            </div>
            <div
              class="border border-lightgray rounded my-1"
            >
              <div
                class="mx-3"
              >
                <div
                  class="my-3"
                >
                  <span>
                    A comment under submission
                  </span>
                </div>
              </div>
              <div
                class="wrapper d-flex justify-content-between align-items-center p-2 rounded"
              >
                <div
                  class="wrapper"
                >
                  <a
                    class="comment_author__inline mt-2 "
                    href="/profile/admin"
                  >
                    <div
                      class="d-inline"
                    >
                      Admin Admin
                    </div>
                    <div
                      class="d-inline text-muted"
                    >
                       @admin
                    </div>
                  </a>
                </div>
              </div>
            </div>
            <div
              class="open status__border px-2 py-1 my-3"
            >
              <div
                class="d-flex align-items-center"
              >
                <img
                  class="icon__open icon"
                  src="/assets/requestChanges.svg"
                />
                <div
                  class=""
                >
                  <a
                    class="comment_author mt-2 "
                  >
                    <div
                      class="d-inline"
                    >
                       
                    </div>
                    <div
                      class="d-inline text-muted"
                    />
                  </a>
                </div>
                <div
                  class="ms-1"
                >
                  Your submission is currently waiting to be reviewed.
                </div>
              </div>
            </div>
            <div
              style="background-color: white;"
            >
              <div
                class="nav nav-tabs"
              >
                <div
                  class="nav-item"
                >
                  <a
                    class="nav-link active"
                    data-rr-ui-event-key="Write"
                    href="#"
                    role="button"
                    style="color: rgb(41, 41, 41);"
                    tabindex="0"
                  >
                    Write
                  </a>
                </div>
                <div
                  class="nav-item"
                >
                  <a
                    class="nav-link"
                    data-rr-ui-event-key="Preview"
                    href="#"
                    role="button"
                    style="color: rgb(142, 142, 142);"
                    tabindex="0"
                  >
                    Preview
                  </a>
                </div>
                <div
                  class="ms-auto btn-toolbar"
                  role="toolbar"
                >
                  <button
                    aria-label="Add header text"
                    class="btn"
                  >
                    <svg
                      aria-hidden="true"
                      class="octicon octicon-heading"
                      fill="currentColor"
                      focusable="false"
                      height="16"
                      role="img"
                      style="display: inline-block; user-select: none; vertical-align: text-bottom; overflow: visible;"
                      viewBox="0 0 16 16"
                      width="16"
                    >
                      <path
                        d="M3.75 2a.75.75 0 0 1 .75.75V7h7V2.75a.75.75 0 0 1 1.5 0v10.5a.75.75 0 0 1-1.5 0V8.5h-7v4.75a.75.75 0 0 1-1.5 0V2.75A.75.75 0 0 1 3.75 2Z"
                      />
                    </svg>
                  </button>
                  <button
                    aria-label="Add bold text <ctrl+b>"
                    class="btn"
                  >
                    <svg
                      aria-hidden="true"
                      class="octicon octicon-bold"
                      fill="currentColor"
                      focusable="false"
                      height="16"
                      role="img"
                      style="display: inline-block; user-select: none; vertical-align: text-bottom; overflow: visible;"
                      viewBox="0 0 16 16"
                      width="16"
                    >
                      <path
                        d="M4 2h4.5a3.501 3.501 0 0 1 2.852 5.53A3.499 3.499 0 0 1 9.5 14H4a1 1 0 0 1-1-1V3a1 1 0 0 1 1-1Zm1 7v3h4.5a1.5 1.5 0 0 0 0-3Zm3.5-2a1.5 1.5 0 0 0 0-3H5v3Z"
                      />
                    </svg>
                  </button>
                  <button
                    aria-label="Add italic text <ctrl+i>"
                    class="btn"
                  >
                    <svg
                      aria-hidden="true"
                      class="octicon octicon-italic"
                      fill="currentColor"
                      focusable="false"
                      height="16"
                      role="img"
                      style="display: inline-block; user-select: none; vertical-align: text-bottom; overflow: visible;"
                      viewBox="0 0 16 16"
                      width="16"
                    >
                      <path
                        d="M6 2.75A.75.75 0 0 1 6.75 2h6.5a.75.75 0 0 1 0 1.5h-2.505l-3.858 9H9.25a.75.75 0 0 1 0 1.5h-6.5a.75.75 0 0 1 0-1.5h2.505l3.858-9H6.75A.75.75 0 0 1 6 2.75Z"
                      />
                    </svg>
                  </button>
                  <button
                    aria-label="Insert a quote <ctrl+shift+.>"
                    class="btn"
                  >
                    <svg
                      aria-hidden="true"
                      class="octicon octicon-quote"
                      fill="currentColor"
                      focusable="false"
                      height="16"
                      role="img"
                      style="display: inline-block; user-select: none; vertical-align: text-bottom; overflow: visible;"
                      viewBox="0 0 16 16"
                      width="16"
                    >
                      <path
                        d="M1.75 2.5h10.5a.75.75 0 0 1 0 1.5H1.75a.75.75 0 0 1 0-1.5Zm4 5h8.5a.75.75 0 0 1 0 1.5h-8.5a.75.75 0 0 1 0-1.5Zm0 5h8.5a.75.75 0 0 1 0 1.5h-8.5a.75.75 0 0 1 0-1.5ZM2.5 7.75v6a.75.75 0 0 1-1.5 0v-6a.75.75 0 0 1 1.5 0Z"
                      />
                    </svg>
                  </button>
                  <button
                    aria-label="Insert code <ctrl+e>"
                    class="btn"
                  >
                    <svg
                      aria-hidden="true"
                      class="octicon octicon-code"
                      fill="currentColor"
                      focusable="false"
                      height="16"
                      role="img"
                      style="display: inline-block; user-select: none; vertical-align: text-bottom; overflow: visible;"
                      viewBox="0 0 16 16"
                      width="16"
                    >
                      <path
                        d="m11.28 3.22 4.25 4.25a.75.75 0 0 1 0 1.06l-4.25 4.25a.749.749 0 0 1-1.275-.326.749.749 0 0 1 .215-.734L13.94 8l-3.72-3.72a.749.749 0 0 1 .326-1.275.749.749 0 0 1 .734.215Zm-6.56 0a.751.751 0 0 1 1.042.018.751.751 0 0 1 .018 1.042L2.06 8l3.72 3.72a.749.749 0 0 1-.326 1.275.749.749 0 0 1-.734-.215L.47 8.53a.75.75 0 0 1 0-1.06Z"
                      />
                    </svg>
                  </button>
                  <button
                    aria-label="Add a link <ctrl+k>"
                    class="btn"
                  >
                    <svg
                      aria-hidden="true"
                      class="octicon octicon-link"
                      fill="currentColor"
                      focusable="false"
                      height="16"
                      role="img"
                      style="display: inline-block; user-select: none; vertical-align: text-bottom; overflow: visible;"
                      viewBox="0 0 16 16"
                      width="16"
                    >
                      <path
                        d="m7.775 3.275 1.25-1.25a3.5 3.5 0 1 1 4.95 4.95l-2.5 2.5a3.5 3.5 0 0 1-4.95 0 .751.751 0 0 1 .018-1.042.751.751 0 0 1 1.042-.018 1.998 1.998 0 0 0 2.83 0l2.5-2.5a2.002 2.002 0 0 0-2.83-2.83l-1.25 1.25a.751.751 0 0 1-1.042-.018.751.751 0 0 1-.018-1.042Zm-4.69 9.64a1.998 1.998 0 0 0 2.83 0l1.25-1.25a.751.751 0 0 1 1.042.018.751.751 0 0 1 .018 1.042l-1.25 1.25a3.5 3.5 0 1 1-4.95-4.95l2.5-2.5a3.5 3.5 0 0 1 4.95 0 .751.751 0 0 1-.018 1.042.751.751 0 0 1-1.042.018 1.998 1.998 0 0 0-2.83 0l-2.5 2.5a1.998 1.998 0 0 0 0 2.83Z"
                      />
                    </svg>
                  </button>
                  <button
                    aria-label="Add a bulleted list <ctrl+shift+8>"
                    class="btn"
                  >
                    <svg
                      aria-hidden="true"
                      class="octicon octicon-list-unordered"
                      fill="currentColor"
                      focusable="false"
                      height="16"
                      role="img"
                      style="display: inline-block; user-select: none; vertical-align: text-bottom; overflow: visible;"
                      viewBox="0 0 16 16"
                      width="16"
                    >
                      <path
                        d="M5.75 2.5h8.5a.75.75 0 0 1 0 1.5h-8.5a.75.75 0 0 1 0-1.5Zm0 5h8.5a.75.75 0 0 1 0 1.5h-8.5a.75.75 0 0 1 0-1.5Zm0 5h8.5a.75.75 0 0 1 0 1.5h-8.5a.75.75 0 0 1 0-1.5ZM2 14a1 1 0 1 1 0-2 1 1 0 0 1 0 2Zm1-6a1 1 0 1 1-2 0 1 1 0 0 1 2 0ZM2 4a1 1 0 1 1 0-2 1 1 0 0 1 0 2Z"
                      />
                    </svg>
                  </button>
                  <button
                    aria-label="Add a numbered list <ctrl+shift+7>"
                    class="btn"
                  >
                    <svg
                      aria-hidden="true"
                      class="octicon octicon-list-ordered"
                      fill="currentColor"
                      focusable="false"
                      height="16"
                      role="img"
                      style="display: inline-block; user-select: none; vertical-align: text-bottom; overflow: visible;"
                      viewBox="0 0 16 16"
                      width="16"
                    >
                      <path
                        d="M5 3.25a.75.75 0 0 1 .75-.75h8.5a.75.75 0 0 1 0 1.5h-8.5A.75.75 0 0 1 5 3.25Zm0 5a.75.75 0 0 1 .75-.75h8.5a.75.75 0 0 1 0 1.5h-8.5A.75.75 0 0 1 5 8.25Zm0 5a.75.75 0 0 1 .75-.75h8.5a.75.75 0 0 1 0 1.5h-8.5a.75.75 0 0 1-.75-.75ZM.924 10.32a.5.5 0 0 1-.851-.525l.001-.001.001-.002.002-.004.007-.011c.097-.144.215-.273.348-.384.228-.19.588-.392 1.068-.392.468 0 .858.181 1.126.484.259.294.377.673.377 1.038 0 .987-.686 1.495-1.156 1.845l-.047.035c-.303.225-.522.4-.654.597h1.357a.5.5 0 0 1 0 1H.5a.5.5 0 0 1-.5-.5c0-1.005.692-1.52 1.167-1.875l.035-.025c.531-.396.8-.625.8-1.078a.57.57 0 0 0-.128-.376C1.806 10.068 1.695 10 1.5 10a.658.658 0 0 0-.429.163.835.835 0 0 0-.144.153ZM2.003 2.5V6h.503a.5.5 0 0 1 0 1H.5a.5.5 0 0 1 0-1h.503V3.308l-.28.14a.5.5 0 0 1-.446-.895l1.003-.5a.5.5 0 0 1 .723.447Z"
                      />
                    </svg>
                  </button>
                </div>
              </div>
              <textarea
                class="textarea"
                data-testid="textbox"
                placeholder="Type something..."
                style="height: 2px;"
              />
            </div>
            <button
              class="btn borderless btn-success m-1"
              style="color: rgb(255, 255, 255);"
            >
              Comment
            </button>
          </div>
        </div>
      </div>
    </div>
  </div>
</div>
`;
