// Jest Snapshot v1, https://goo.gl/fbAQLP

exports[`CommentBox component Should render commentBox with comments 1`] = `
<div>
  <div
    class="showHide"
  >
    Hide conversation
  </div>
  <div
    class="commentBox bg-white d-auto"
  >
    <div
      class="border border-lightgray rounded my-1"
    >
      <div
        class="mx-3"
      >
        <div
          class="my-3"
        >
          <span>
            First Comment
          </span>
        </div>
      </div>
      <div
        class="wrapper d-flex justify-content-between align-items-center p-2 rounded"
      >
        <div
          class="wrapper"
        >
          <a
            class="comment_author__inline mt-2 "
            href="/profile/newbie"
          >
            <div
              class="d-inline"
            >
              Noob Newbie
            </div>
            <div
              class="d-inline text-muted"
            >
               @newbie
            </div>
          </a>
        </div>
      </div>
    </div>
    <div
      class="border border-lightgray rounded my-1"
    >
      <div
        class="mx-3"
      >
        <div
          class="my-3"
        >
          <span>
            Second Comment
          </span>
        </div>
      </div>
      <div
        class="wrapper d-flex justify-content-between align-items-center p-2 rounded"
      >
        <div
          class="wrapper"
        >
          <a
            class="comment_author__inline mt-2 "
            href="/profile/newbie"
          >
            <div
              class="d-inline"
            >
              Noob Newbie
            </div>
            <div
              class="d-inline text-muted"
            >
               @newbie
            </div>
          </a>
        </div>
      </div>
    </div>
  </div>
</div>
`;

exports[`CommentBox component Should render empty commentBox 1`] = `
<div>
  <div
    class="showHide"
  >
    Hide conversation
  </div>
  <div
    class="commentBox bg-white d-auto"
  />
</div>
`;
