// Jest Snapshot v1, https://goo.gl/fbAQLP

exports[`AdminLayout test Should render children 1`] = `
<div>
  <nav
    class="navbar navbar-expand-lg navbar-light justify-content-between bg-white"
  >
    <div
      class="container"
    >
      <a
        class="navbar-brand text-primary font-weight-bold"
        href="/"
      >
        C0D3
      </a>
      <div
        id="navbarNav"
      >
        <div
          class="navbar-nav collapse navbar-collapse"
        >
          <div
            class="navbar-nav collapse navbar-collapse"
          >
            <a
              class="nav-item nav-link"
              href="/curriculum"
            >
              Curriculum
            </a>
            <a
              class="nav-item nav-link"
              href="https://github.com/garageScript/c0d3-app"
              rel="noopener noreferrer"
              target="_blank"
            >
              Repo
            </a>
            <a
              class="nav-item nav-link"
              href="https://www.notion.so/Table-of-Contents-a83980f81560429faca3821a9af8a5e2"
              rel="noopener noreferrer"
              target="_blank"
            >
              Journey
            </a>
            <a
              class="nav-item nav-link"
              href="https://chat.c0d3.com"
              rel="noopener noreferrer"
              target="_blank"
            >
              Help
            </a>
            <a
              class="nav-item nav-link"
              href="/contributors"
            >
              Contributors
            </a>
          </div>
        </div>
      </div>
      <div>
        <a
          class="btn btn-secondary border mr-3"
          href="/login"
        >
          Login
        </a>
        <a
          class="btn btn-secondary border mr-3"
          href="/signup"
        >
          Signup
        </a>
      </div>
    </div>
  </nav>
  <div
    class="container"
  >
    <h1>
      Test title
    </h1>
  </div>
  <footer
    class="mt-5 font-weight-light text-center pb-5 text-muted"
  >
    Â© Copyright 2020 GarageScript
    <br />
    All Rights Reserved
  </footer>
</div>
`;
