// Jest Snapshot v1, https://goo.gl/fbAQLP

exports[`[docSlug] Page should match screenshot 1`] = `
<div>
  <div
    class="lesson-wrapper card shadow-sm mt-3 d-block border-0 p-3 p-md-4 bg-white"
  >
    <button
      class="link btn btn-link link-primary p-0"
    >
      Go Back
    </button>
    <div
      class="title"
    >
      fake doc
    </div>
    <h1
      class="MDX_h1"
      id="markdown"
    >
      markdown
    </h1>
    <details
      class="mb-3"
    >
      <summary>
        what am i?
      </summary>
      <div
        class="content"
      >
         mdx to jsx :)
      </div>
    </details>
    <a
      class="MDX_a edit"
      href="https://github.com/garageScript/c0d3-app/edit/master/some/fake/path"
      title="Edit this page on Github"
    >
      Edit this page on Github
    </a>
  </div>
</div>
`;
