// Jest Snapshot v1, https://goo.gl/fbAQLP

exports[`MyApp component should render Login component passed in as prop 1`] = `
<div>
  <nav
    class="navbar navbar-expand-lg navbar-light bg-white"
  >
    <div
      class="container"
    >
      <a
        class="navbar-brand"
        href="/"
      >
        <div
          class="navbar-brand text-primary fw-bold"
        >
          C0D3
        </div>
      </a>
      <button
        aria-controls="basic-navbar-nav"
        aria-label="Toggle navigation"
        class="navbar-toggler collapsed"
        type="button"
      >
        <span
          class="navbar-toggler-icon"
        />
      </button>
      <div
        class="text-center navbar-collapse collapse"
        id="basic-navbar-nav"
      >
        <div
          class="m-auto navbar-nav"
        >
          <a
            class="nav-item nav-link noUnderline"
            href="/curriculum"
          >
            Curriculum
          </a>
          <a
            class="nav-item nav-link noUnderline"
            href="https://github.com/garageScript/c0d3-app"
            rel="noopener noreferrer"
            target="_blank"
          >
            Repo
          </a>
          <a
            class="nav-item nav-link noUnderline"
            href="/docs/learn"
          >
            Learn
          </a>
          <a
            class="nav-item nav-link noUnderline"
            href="https://discord.gg/c0d3"
            rel="noopener noreferrer"
            target="_blank"
          >
            Community
          </a>
        </div>
        <div
          class="nav-buttons"
        >
          <a
            class="btn btn-light border m-2 me-lg-3 noUnderline"
            href="/login"
          >
            Login
          </a>
          <a
            class="btn btn-light border m-2 me-lg-3 noUnderline"
            href="/signup"
          >
            Signup
          </a>
        </div>
      </div>
    </div>
  </nav>
  <div
    class="container-md"
  >
    <div
      class="row mt-5"
    >
      <div
        class="card shadow-sm col-sm-8 col-md-7 col-lg-6 col-xl-6 m-auto px-md-5 border-0"
      >
        <div
          class="card-body text-center pt-5 pb-5"
        >
          <h1
            class="card-title h2 fw-bold mb-5"
          >
            Login
          </h1>
          <p
            class="card-text"
          />
          <form
            action="#"
            data-testid="form"
          >
            <div
              class="form-group"
            >
              <div
                class="mt-3 d-grid"
              >
                <input
                  class="form-control form-control-lg fw-light mb-3 "
                  data-testid="username"
                  name="username"
                  placeholder="Username"
                  value=""
                />
                <input
                  class="form-control form-control-lg fw-light mb-3 "
                  data-testid="password"
                  name="password"
                  placeholder="Password"
                  type="password"
                  value=""
                />
                <button
                  class="btn btn-primary btn-lg btn mb-3"
                  data-testid="submit"
                  type="submit"
                >
                  Login to Your Account
                </button>
              </div>
            </div>
          </form>
          <a
            class=" link"
            href="/forgotpassword"
          >
            Forgot your password?
          </a>
        </div>
      </div>
    </div>
  </div>
  <footer
    class="mt-5 fw-light text-center pb-5 text-muted"
  >
    Â© Copyright 2022 GarageScript. All rights reserved.
  </footer>
</div>
`;
