// Jest Snapshot v1, https://goo.gl/fbAQLP

exports[`_error page Should capture error when component is loading 1`] = `
<div>
  <nav
    class="navbar navbar-expand-lg navbar-light justify-content-between bg-white"
  >
    <div
      class="container"
    >
      <a
        class="navbar-brand text-primary font-weight-bold"
        href="/"
      >
        C0D3
      </a>
      <div
        id="navbarNav"
      >
        <div
          class="navbar-nav collapse navbar-collapse"
        >
          <div
            class="navbar-nav collapse navbar-collapse"
          >
            <a
              class="nav-item nav-link"
              href="/curriculum"
            >
              Curriculum
            </a>
            <a
              class="nav-item nav-link"
              href="https://github.com/garageScript/c0d3-app"
              rel="noopener noreferrer"
              target="_blank"
            >
              Repo
            </a>
            <a
              class="nav-item nav-link"
              href="/docs/learn"
            >
              Learn
            </a>
            <a
              class="nav-item nav-link"
              href="https://discord.gg/c0d3"
              rel="noopener noreferrer"
              target="_blank"
            >
              Community
            </a>
          </div>
        </div>
      </div>
      <div>
        <a
          class="btn btn-secondary border mr-3"
          href="/login"
        >
          Login
        </a>
        <a
          class="btn btn-secondary border mr-3"
          href="/signup"
        >
          Signup
        </a>
      </div>
    </div>
  </nav>
  <div
    class="container-md"
  >
    <div
      class="container"
    >
      <div
        class="row"
      >
        <div
          class="d-flex col-sm-3 align-items-center justify-content-center"
        >
          <div
            class="text-center mt-3"
          >
            <div
              style="color: rgb(41, 41, 41); font-size: 1.5rem;"
            >
              <strong>
                Internal server error
              </strong>
            </div>
            <div
              style="color: rgb(41, 41, 41); font-size: 1rem;"
            />
            <a
              class="btn btn-primary py-3 px-5 mt-3"
              href="/"
            >
              <h3
                class="font-weight-bold"
              >
                Back
              </h3>
            </a>
          </div>
        </div>
        <div
          class="mb-3 col-sm-9"
        >
          <img
            height="1200"
            layout="responsive"
            src="/assets/errors/500.svg"
            width="1200"
          />
        </div>
      </div>
    </div>
  </div>
  <footer
    class="mt-5 font-weight-light text-center pb-5 text-muted"
  >
    © Copyright 2021 GarageScript
  </footer>
</div>
`;

exports[`_error page Should return Error 500 component 1`] = `
<div>
  <nav
    class="navbar navbar-expand-lg navbar-light justify-content-between bg-white"
  >
    <div
      class="container"
    >
      <a
        class="navbar-brand text-primary font-weight-bold"
        href="/"
      >
        C0D3
      </a>
      <div
        id="navbarNav"
      >
        <div
          class="navbar-nav collapse navbar-collapse"
        >
          <div
            class="navbar-nav collapse navbar-collapse"
          >
            <a
              class="nav-item nav-link"
              href="/curriculum"
            >
              Curriculum
            </a>
            <a
              class="nav-item nav-link"
              href="https://github.com/garageScript/c0d3-app"
              rel="noopener noreferrer"
              target="_blank"
            >
              Repo
            </a>
            <a
              class="nav-item nav-link"
              href="/docs/learn"
            >
              Learn
            </a>
            <a
              class="nav-item nav-link"
              href="https://discord.gg/c0d3"
              rel="noopener noreferrer"
              target="_blank"
            >
              Community
            </a>
          </div>
        </div>
      </div>
      <div>
        <a
          class="btn btn-secondary border mr-3"
          href="/login"
        >
          Login
        </a>
        <a
          class="btn btn-secondary border mr-3"
          href="/signup"
        >
          Signup
        </a>
      </div>
    </div>
  </nav>
  <div
    class="container-md"
  >
    <div
      class="container"
    >
      <div
        class="row"
      >
        <div
          class="d-flex col-sm-3 align-items-center justify-content-center"
        >
          <div
            class="text-center mt-3"
          >
            <div
              style="color: rgb(41, 41, 41); font-size: 1.5rem;"
            >
              <strong>
                Internal server error
              </strong>
            </div>
            <div
              style="color: rgb(41, 41, 41); font-size: 1rem;"
            />
            <a
              class="btn btn-primary py-3 px-5 mt-3"
              href="/"
            >
              <h3
                class="font-weight-bold"
              >
                Back
              </h3>
            </a>
          </div>
        </div>
        <div
          class="mb-3 col-sm-9"
        >
          <img
            height="1200"
            layout="responsive"
            src="/assets/errors/500.svg"
            width="1200"
          />
        </div>
      </div>
    </div>
  </div>
  <footer
    class="mt-5 font-weight-light text-center pb-5 text-muted"
  >
    © Copyright 2021 GarageScript
  </footer>
</div>
`;
