// Jest Snapshot v1, https://goo.gl/fbAQLP

exports[`ForgotPassword Page Should render invalid user/email form on error 1`] = `
<div>
  <nav
    class="navbar navbar-expand-lg navbar-light justify-content-between bg-white"
  >
    <div
      class="container"
    >
      <a
        class="navbar-brand text-primary font-weight-bold"
        href="/"
      >
        C0D3
      </a>
      <div
        id="navbarNav"
      >
        <div
          class="navbar-nav collapse navbar-collapse"
        >
          <div
            class="navbar-nav collapse navbar-collapse"
          >
            <a
              class="nav-item nav-link"
              href="/curriculum"
            >
              Curriculum
            </a>
            <a
              class="nav-item nav-link"
              href="https://github.com/garageScript/c0d3-app"
              rel="noopener noreferrer"
              target="_blank"
            >
              Repo
            </a>
            <a
              class="nav-item nav-link"
              href="/docs/learn"
            >
              Learn
            </a>
            <a
              class="nav-item nav-link"
              href="https://discord.gg/c0d3"
              rel="noopener noreferrer"
              target="_blank"
            >
              Community
            </a>
            <div
              class="dropdown"
            >
              <button
                aria-expanded="false"
                aria-haspopup="true"
                class="dropdown-toggle btn btn-none"
                type="button"
              >
                Admin
              </button>
            </div>
          </div>
        </div>
      </div>
      <div
        class="d-flex"
      >
        <a
          class="btn btn-secondary border overflow-hidden p-2 text-truncate"
          href="/profile/fakeusername"
        >
           fakeusername
        </a>
        <button
          class="btn border ml-2"
          style="color: rgb(41, 41, 41);"
        >
          Logout
        </button>
      </div>
    </div>
  </nav>
  <div
    class="container-md"
  >
    <div
      class="row mt-5"
    >
      <div
        class="card shadow-sm col-sm-8 col-md-7 col-lg-6 col-xl-6 m-auto px-md-5 border-0"
      >
        <div
          class="card-body text-center pt-5 pb-5"
        >
          <h1
            class="card-title h2 font-weight-bold mb-5"
          >
            Username or Email does not exist
          </h1>
          <p
            class="card-text"
          />
          <a
            class="btn btn-primary btn-lg btn-block mb-3"
            href="/forgotpassword"
            role="button"
          >
            Go Back
          </a>
        </div>
      </div>
    </div>
  </div>
  <footer
    class="mt-5 font-weight-light text-center pb-5 text-muted"
  >
    © Copyright 2021 GarageScript
  </footer>
</div>
`;

exports[`ForgotPassword Page Should render password reset instructions on success 1`] = `
<div>
  <nav
    class="navbar navbar-expand-lg navbar-light justify-content-between bg-white"
  >
    <div
      class="container"
    >
      <a
        class="navbar-brand text-primary font-weight-bold"
        href="/"
      >
        C0D3
      </a>
      <div
        id="navbarNav"
      >
        <div
          class="navbar-nav collapse navbar-collapse"
        >
          <div
            class="navbar-nav collapse navbar-collapse"
          >
            <a
              class="nav-item nav-link"
              href="/curriculum"
            >
              Curriculum
            </a>
            <a
              class="nav-item nav-link"
              href="https://github.com/garageScript/c0d3-app"
              rel="noopener noreferrer"
              target="_blank"
            >
              Repo
            </a>
            <a
              class="nav-item nav-link"
              href="/docs/learn"
            >
              Learn
            </a>
            <a
              class="nav-item nav-link"
              href="https://discord.gg/c0d3"
              rel="noopener noreferrer"
              target="_blank"
            >
              Community
            </a>
            <div
              class="dropdown"
            >
              <button
                aria-expanded="false"
                aria-haspopup="true"
                class="dropdown-toggle btn btn-none"
                type="button"
              >
                Admin
              </button>
            </div>
          </div>
        </div>
      </div>
      <div
        class="d-flex"
      >
        <a
          class="btn btn-secondary border overflow-hidden p-2 text-truncate"
          href="/profile/fakeusername"
        >
           fakeusername
        </a>
        <button
          class="btn border ml-2"
          style="color: rgb(41, 41, 41);"
        >
          Logout
        </button>
      </div>
    </div>
  </nav>
  <div
    class="container-md"
  >
    <div
      class="row mt-5"
    >
      <div
        class="card shadow-sm col-sm-8 col-md-7 col-lg-6 col-xl-6 m-auto px-md-5 border-0"
      >
        <div
          class="card-body text-center pt-5 pb-5"
        >
          <img
            alt="Green circle with a checkmark inside."
            class="mb-4"
            height="100px"
            src="/assets/curriculum/icons/checked.svg"
            width="100px"
          />
          <h1
            class="card-title h2 font-weight-bold mb-5"
          >
            Password reset instructions sent
          </h1>
          <p
            class="card-text"
          />
          <p>
            You will receive an email containing a link to reset your password.
          </p>
        </div>
      </div>
    </div>
  </div>
  <footer
    class="mt-5 font-weight-light text-center pb-5 text-muted"
  >
    © Copyright 2021 GarageScript
  </footer>
</div>
`;
