// Jest Snapshot v1, https://goo.gl/fbAQLP

exports[`[subLessonSlug] Page should match screenshot 1`] = `
<div>
  <div
    class="mt-3 sublesson__container"
    data-testid="sublesson__container"
    style="grid-template-columns: none;"
  >
    <div
      class="card shadow-sm border-0 sublesson__sidebar"
      data-testid="toc"
      style="position: initial;"
    >
      <div
        class="accordion"
      >
        <div
          class="border-0 card"
        >
          <div
            class="py-3 toc__header card-header"
          >
            <button
              class="toc__toggle"
              data-testid="accordion-toggle"
              type="button"
            >
              Table of Contents
            </button>
          </div>
          <div
            class="accordion-collapse collapse"
            data-testid="accordion-collapse"
          >
            <div
              class="rounded toc__container card-body"
            >
              <li
                style="padding-left: 0rem;"
              >
                <a
                  class="MDX_a text-decoration-none"
                  href="#heading1"
                >
                  heading1
                </a>
              </li>
              <li
                style="padding-left: 1rem;"
              >
                <a
                  class="MDX_a text-decoration-none"
                  href="#heading2"
                >
                  heading2
                </a>
              </li>
              <li
                style="padding-left: 2rem;"
              >
                <a
                  class="MDX_a text-decoration-none"
                  href="#heading3"
                >
                  heading3
                </a>
              </li>
            </div>
          </div>
        </div>
      </div>
    </div>
    <div
      class="card shadow-sm d-flex flex-column gap-5 border-0 p-3 p-md-4 bg-white lesson-wrapper"
    >
      <div>
        <nav
          aria-label="Sub-lesson Links"
        >
          <a
            aria-current="page"
            class="subtitle link-dark dark d-block"
            href="/curriculum/js0/first_sub_lesson"
          >
            Part 1: first sub lesson
          </a>
          <a
            class="subtitle text-muted d-block"
            href="/curriculum/js0/second_sub_lesson"
          >
            Part 2: second sub lesson
          </a>
          <a
            class="subtitle text-muted d-block"
            href="/curriculum/js0/third_sub_lesson"
          >
            Part 3: third sub lesson
          </a>
        </nav>
        <h1
          class="MDX_h1"
          id="first"
        >
          first
        </h1>
        <p
          class="MDX_p"
        >
          simple
        </p>
        <div
          class="mt-5"
        >
          <div
            class="d-flex"
          >
            <a
              class="lessonLink next"
              href="/curriculum/js0/second_sub_lesson"
            >
              Next part: 
              <span>
                second sub lesson
              </span>
            </a>
          </div>
        </div>
      </div>
      <a
        class="MDX_a edit"
        href="https://github.com/garageScript/c0d3-app/edit/master/some/fake/path"
        title="Edit this page on Github"
      >
        Edit this page on Github
      </a>
    </div>
  </div>
</div>
`;
